Archive member included to satisfy reference by file (symbol)

C:/Program Files (x86)/Arm GNU Toolchain arm-none-eabi/14.2 rel1/bin/../lib/gcc/arm-none-eabi/14.2.1/thumb/v6-m/nofp\libgcc.a(_udivsi3.o)
                              build\flappy.o (__aeabi_uidiv)
C:/Program Files (x86)/Arm GNU Toolchain arm-none-eabi/14.2 rel1/bin/../lib/gcc/arm-none-eabi/14.2.1/thumb/v6-m/nofp\libgcc.a(_dvmd_tls.o)
                              C:/Program Files (x86)/Arm GNU Toolchain arm-none-eabi/14.2 rel1/bin/../lib/gcc/arm-none-eabi/14.2.1/thumb/v6-m/nofp\libgcc.a(_udivsi3.o) (__aeabi_idiv0)

Discarded input sections

 .text          0x00000000        0x0 build\startup.o
 .data          0x00000000        0x0 build\startup.o
 .bss           0x00000000        0x0 build\startup.o
 .text          0x00000000        0x0 build\system.o
 .data          0x00000000        0x0 build\system.o
 .bss           0x00000000        0x0 build\system.o
 .text.millis   0x00000000        0xc build\system.o
 .text.clock_boost_48mhz
                0x00000000      0x110 build\system.o
 .text          0x00000000        0x0 build\display.o
 .data          0x00000000        0x0 build\display.o
 .bss           0x00000000        0x0 build\display.o
 .text.display_draw_chunk_2x
                0x00000000       0xec build\display.o
 .text.display_sleep_in
                0x00000000       0x48 build\display.o
 .text.display_sleep_out
                0x00000000       0x68 build\display.o
 .text.display_draw_chunk_cpu
                0x00000000       0x94 build\display.o
 .text.display_draw_chunk_dma
                0x00000000       0x94 build\display.o
 .text.display_draw_pixel
                0x00000000       0x4c build\display.o
 .text          0x00000000        0x0 build\vape.o
 .data          0x00000000        0x0 build\vape.o
 .bss           0x00000000        0x0 build\vape.o
 .text          0x00000000        0x0 build\button.o
 .data          0x00000000        0x0 build\button.o
 .bss           0x00000000        0x0 build\button.o
 .text.button_just_pressed
                0x00000000        0xc build\button.o
 .text.button_just_released
                0x00000000        0xc build\button.o
 .text          0x00000000        0x0 build\battery.o
 .data          0x00000000        0x0 build\battery.o
 .bss           0x00000000        0x0 build\battery.o
 .text          0x00000000        0x0 build\nv.o
 .data          0x00000000        0x0 build\nv.o
 .bss           0x00000000        0x0 build\nv.o
 .text.nv_reset
                0x00000000       0x2c build\nv.o
 .text          0x00000000        0x0 build\app.o
 .data          0x00000000        0x0 build\app.o
 .bss           0x00000000        0x0 build\app.o
 .text.app_mark_activity
                0x00000000       0x14 build\app.o
 .text.app_wake
                0x00000000        0x2 build\app.o
 .text          0x00000000        0x0 build\flappy.o
 .data          0x00000000        0x0 build\flappy.o
 .bss           0x00000000        0x0 build\flappy.o
 .data          0x00000000        0x0 C:/Program Files (x86)/Arm GNU Toolchain arm-none-eabi/14.2 rel1/bin/../lib/gcc/arm-none-eabi/14.2.1/thumb/v6-m/nofp\libgcc.a(_udivsi3.o)
 .bss           0x00000000        0x0 C:/Program Files (x86)/Arm GNU Toolchain arm-none-eabi/14.2 rel1/bin/../lib/gcc/arm-none-eabi/14.2.1/thumb/v6-m/nofp\libgcc.a(_udivsi3.o)
 .debug_frame   0x00000000       0x20 C:/Program Files (x86)/Arm GNU Toolchain arm-none-eabi/14.2 rel1/bin/../lib/gcc/arm-none-eabi/14.2.1/thumb/v6-m/nofp\libgcc.a(_udivsi3.o)
 .debug_line_str
                0x00000000       0xcd C:/Program Files (x86)/Arm GNU Toolchain arm-none-eabi/14.2 rel1/bin/../lib/gcc/arm-none-eabi/14.2.1/thumb/v6-m/nofp\libgcc.a(_udivsi3.o)
 .ARM.attributes
                0x00000000       0x1e C:/Program Files (x86)/Arm GNU Toolchain arm-none-eabi/14.2 rel1/bin/../lib/gcc/arm-none-eabi/14.2.1/thumb/v6-m/nofp\libgcc.a(_udivsi3.o)
 .data          0x00000000        0x0 C:/Program Files (x86)/Arm GNU Toolchain arm-none-eabi/14.2 rel1/bin/../lib/gcc/arm-none-eabi/14.2.1/thumb/v6-m/nofp\libgcc.a(_dvmd_tls.o)
 .bss           0x00000000        0x0 C:/Program Files (x86)/Arm GNU Toolchain arm-none-eabi/14.2 rel1/bin/../lib/gcc/arm-none-eabi/14.2.1/thumb/v6-m/nofp\libgcc.a(_dvmd_tls.o)
 .debug_line_str
                0x00000000       0xcd C:/Program Files (x86)/Arm GNU Toolchain arm-none-eabi/14.2 rel1/bin/../lib/gcc/arm-none-eabi/14.2.1/thumb/v6-m/nofp\libgcc.a(_dvmd_tls.o)
 .ARM.attributes
                0x00000000       0x1e C:/Program Files (x86)/Arm GNU Toolchain arm-none-eabi/14.2 rel1/bin/../lib/gcc/arm-none-eabi/14.2.1/thumb/v6-m/nofp\libgcc.a(_dvmd_tls.o)

Memory Configuration

Name             Origin             Length             Attributes
FLASH            0x08000000         0x0000f000         xr
SRAM             0x20000000         0x00002000         xrw
*default*        0x00000000         0xffffffff

Linker script and memory map

LOAD C:/Program Files (x86)/Arm GNU Toolchain arm-none-eabi/14.2 rel1/bin/../lib/gcc/arm-none-eabi/14.2.1/thumb/v6-m/nofp\libnosys.a
LOAD build\startup.o
LOAD build\system.o
LOAD build\display.o
LOAD build\vape.o
LOAD build\button.o
LOAD build\battery.o
LOAD build\nv.o
LOAD build\app.o
LOAD build\flappy.o
                0x20002000                        _estack = (ORIGIN (SRAM) + LENGTH (SRAM))

.isr_vector     0x08000000       0xb4
                0x08000000                        . = ALIGN (0x4)
 *(.isr_vector)
 .isr_vector    0x08000000       0xb4 build\startup.o
                0x08000000                _vectors
                0x080000b4                        . = ALIGN (0x4)

.text           0x080000b4     0x2688
                0x080000b4                        . = ALIGN (0x4)
 *(.text)
 .text          0x080000b4      0x114 C:/Program Files (x86)/Arm GNU Toolchain arm-none-eabi/14.2 rel1/bin/../lib/gcc/arm-none-eabi/14.2.1/thumb/v6-m/nofp\libgcc.a(_udivsi3.o)
                0x080000b4                __aeabi_uidiv
                0x080000b4                __udivsi3
                0x080001c0                __aeabi_uidivmod
 .text          0x080001c8        0x4 C:/Program Files (x86)/Arm GNU Toolchain arm-none-eabi/14.2 rel1/bin/../lib/gcc/arm-none-eabi/14.2.1/thumb/v6-m/nofp\libgcc.a(_dvmd_tls.o)
                0x080001c8                __aeabi_idiv0
                0x080001c8                __aeabi_ldiv0
 *(.text*)
 .text.Reset_Handler
                0x080001cc       0x40 build\startup.o
                0x080001cc                Reset_Handler
 .text.Default_Handler
                0x0800020c        0x2 build\startup.o
                0x0800020c                PendSV_Handler
                0x0800020c                NMI_Handler
                0x0800020c                TIM3_IRQHandler
                0x0800020c                SVC_Handler
                0x0800020c                HardFault_Handler
 .text.SysTick_Handler
                0x0800020e        0x2 build\system.o
                0x0800020e                SysTick_Handler
 .text.clock_init
                0x08000210       0x48 build\system.o
                0x08000210                clock_init
 .text.delay_ms
                0x08000258       0x3c build\system.o
                0x08000258                delay_ms
 .text.system_enter_stop
                0x08000294      0x100 build\system.o
                0x08000294                system_enter_stop
 .text.tim1_init
                0x08000394       0x4c build\system.o
                0x08000394                tim1_init
 .text.spi_write_byte
                0x080003e0       0x20 build\display.o
 .text.spi_write_byte_fast
                0x08000400       0x18 build\display.o
 .text.lcd_write_cmd
                0x08000418       0x14 build\display.o
 .text.lcd_write_data
                0x0800042c       0x14 build\display.o
 .text.display_gpio_init
                0x08000440      0x12c build\display.o
                0x08000440                display_gpio_init
 .text.display_set_window
                0x0800056c       0x4e build\display.o
                0x0800056c                display_set_window
 *fill*         0x080005ba        0x2 
 .text.display_fill
                0x080005bc       0xc4 build\display.o
                0x080005bc                display_fill
 .text.display_recover
                0x08000680      0x2f4 build\display.o
                0x08000680                display_recover
 .text.display_init
                0x08000974      0x2f8 build\display.o
                0x08000974                display_init
 .text.display_fill_rect
                0x08000c6c       0xa0 build\display.o
                0x08000c6c                display_fill_rect
 .text.display_draw_image
                0x08000d0c       0xb8 build\display.o
                0x08000d0c                display_draw_image
 .text.display_draw_sprite
                0x08000dc4       0xac build\display.o
                0x08000dc4                display_draw_sprite
 .text.display_set_backlight
                0x08000e70       0x14 build\display.o
                0x08000e70                display_set_backlight
 .text.vape_safety_init
                0x08000e84       0x4c build\vape.o
                0x08000e84                vape_safety_init
 .text.vape_init
                0x08000ed0       0x10 build\vape.o
                0x08000ed0                vape_init
 .text.vape_coil_on
                0x08000ee0        0xc build\vape.o
                0x08000ee0                vape_coil_on
 .text.vape_coil_off
                0x08000eec       0x10 build\vape.o
                0x08000eec                vape_coil_off
 .text.button_init
                0x08000efc       0x5c build\button.o
                0x08000efc                button_init
 .text.button_update
                0x08000f58       0x60 build\button.o
                0x08000f58                button_update
 .text.button_pressed
                0x08000fb8        0xc build\button.o
                0x08000fb8                button_pressed
 .text.button_held_ms
                0x08000fc4       0x24 build\button.o
                0x08000fc4                button_held_ms
 .text.button_raw
                0x08000fe8       0x10 build\button.o
                0x08000fe8                button_raw
 .text.bat_init
                0x08000ff8       0x70 build\battery.o
                0x08000ff8                bat_init
 .text.bat_read_raw
                0x08001068       0x6c build\battery.o
                0x08001068                bat_read_raw
 .text.flash_wait
                0x080010d4       0x28 build\nv.o
 .text.flash_erase_page
                0x080010fc       0x28 build\nv.o
 .text.flash_unlock
                0x08001124       0x20 build\nv.o
 .text.nv_read  0x08001144       0x40 build\nv.o
                0x08001144                nv_read
 .text.nv_write
                0x08001184       0x7c build\nv.o
                0x08001184                nv_write
 .text.app_set_sleep_timeout
                0x08001200        0xc build\app.o
                0x08001200                app_set_sleep_timeout
 .text.app_set_hold_reset
                0x0800120c       0x14 build\app.o
                0x0800120c                app_set_hold_reset
 .text.startup.main
                0x08001220      0x268 build\app.o
                0x08001220                main
 .text.pipe_reset
                0x08001488       0x3c build\flappy.o
 .text.strip_fill_sky
                0x080014c4       0x3c build\flappy.o
 .text.strip_fill_pipe
                0x08001500       0x94 build\flappy.o
 .text.draw_bat
                0x08001594       0xd0 build\flappy.o
 .text.bird_render
                0x08001664       0x44 build\flappy.o
 .text.send_strip
                0x080016a8       0x18 build\flappy.o
 .text.draw_glyph.constprop.0
                0x080016c0       0x4e build\flappy.o
 *fill*         0x0800170e        0x2 
 .text.draw_score_at.constprop.0
                0x08001710       0xa0 build\flappy.o
 .text.draw_death_overlay
                0x080017b0      0x1cc build\flappy.o
 .text.draw_waiting_hint
                0x0800197c       0xd4 build\flappy.o
 .text.scene_draw
                0x08001a50      0x110 build\flappy.o
 .text.game_init_state
                0x08001b60       0xcc build\flappy.o
 .text.on_hard_reset
                0x08001c2c       0x2c build\flappy.o
 .text.app_init
                0x08001c58       0x54 build\flappy.o
                0x08001c58                app_init
 .text.app_update
                0x08001cac      0x468 build\flappy.o
                0x08001cac                app_update
 .text.app_wake
                0x08002114       0x60 build\flappy.o
                0x08002114                app_wake
 *(.rodata)
 *(.rodata*)
 .rodata.g_letters2
                0x08002174       0x2d build\flappy.o
 .rodata.g_letters
                0x080021a1       0x1e build\flappy.o
 .rodata.g_digits
                0x080021bf       0x32 build\flappy.o
 .rodata.g_bldg
                0x080021f1       0x80 build\flappy.o
 *fill*         0x08002271        0x1 
 .rodata.spr_bird_dn
                0x08002272      0x198 build\flappy.o
 .rodata.spr_bird_up
                0x0800240a      0x198 build\flappy.o
 .rodata.spr_bird_mid
                0x080025a2      0x198 build\flappy.o
                0x0800273c                        . = ALIGN (0x4)
 *fill*         0x0800273a        0x2 
                0x0800273c                        _etext = .

.glue_7         0x0800273c        0x0
 .glue_7        0x0800273c        0x0 linker stubs

.glue_7t        0x0800273c        0x0
 .glue_7t       0x0800273c        0x0 linker stubs

.vfp11_veneer   0x0800273c        0x0
 .vfp11_veneer  0x0800273c        0x0 linker stubs

.v4_bx          0x0800273c        0x0
 .v4_bx         0x0800273c        0x0 linker stubs

.iplt           0x0800273c        0x0
 .iplt          0x0800273c        0x0 build\startup.o

.rel.dyn        0x0800273c        0x0
 .rel.iplt      0x0800273c        0x0 build\startup.o

.sprites        0x0800273c        0x0
                0x0800273c                        . = ALIGN (0x4)
                0x0800273c                        _sprites_start = .
 *(.sprites)
 *(.sprites*)
                0x0800273c                        . = ALIGN (0x4)
                0x0800273c                        _sprites_end = .
                0x0800273c                        _sidata = LOADADDR (.data)

.data           0x20000000        0x8 load address 0x0800273c
                0x20000000                        . = ALIGN (0x4)
                0x20000000                        _sdata = .
 *(.data)
 *(.data*)
 .data.g_seed   0x20000000        0x4 build\flappy.o
 .data.g_bat_raw
                0x20000004        0x2 build\flappy.o
                0x20000008                        . = ALIGN (0x4)
 *fill*         0x20000006        0x2 
                0x20000008                        _edata = .

.igot.plt       0x20000008        0x0 load address 0x08002744
 .igot.plt      0x20000008        0x0 build\startup.o

.bss            0x20000008      0x160 load address 0x08002744
                0x20000008                        . = ALIGN (0x4)
                0x20000008                        _sbss = .
 *(.bss)
 *(.bss*)
 .bss.g_tick_ms
                0x20000008        0x4 build\system.o
 .bss.g_holding
                0x2000000c        0x1 build\button.o
 *fill*         0x2000000d        0x1 
 .bss.g_held_since
                0x2000000e        0x2 build\button.o
 .bss.g_just_released
                0x20000010        0x1 build\button.o
 .bss.g_just_pressed
                0x20000011        0x1 build\button.o
 .bss.g_pressed
                0x20000012        0x1 build\button.o
 .bss.g_hold_fired
                0x20000013        0x1 build\app.o
 .bss.g_hold_cb
                0x20000014        0x4 build\app.o
 .bss.g_hold_ms
                0x20000018        0x2 build\app.o
 .bss.g_last_active
                0x2000001a        0x2 build\app.o
 .bss.g_sleep_ms
                0x2000001c        0x2 build\app.o
 .bss.s_flap.0  0x2000001e        0x1 build\flappy.o
 .bss.s_btn_prev.1
                0x2000001f        0x1 build\flappy.o
 .bss.g_new_hisc
                0x20000020        0x1 build\flappy.o
 *fill*         0x20000021        0x1 
 .bss.g_phys_t  0x20000022        0x2 build\flappy.o
 .bss.g_frame_ctr
                0x20000024        0x4 build\flappy.o
 .bss.g_dead_hold
                0x20000028        0x4 build\flappy.o
 .bss.g_prev_score
                0x2000002c        0x4 build\flappy.o
 .bss.g_score   0x20000030        0x4 build\flappy.o
 .bss.g_prev_y  0x20000034        0x4 build\flappy.o
 .bss.g_bird_y  0x20000038        0x4 build\flappy.o
 .bss.g_vel_fp  0x2000003c        0x4 build\flappy.o
 .bss.g_bird_fp
                0x20000040        0x4 build\flappy.o
 .bss.g_state   0x20000044        0x1 build\flappy.o
 *fill*         0x20000045        0x3 
 .bss.g_high_score
                0x20000048        0x4 build\flappy.o
 .bss.g_strip_buf
                0x2000004c      0x110 build\flappy.o
 .bss.g_pipes   0x2000015c        0x8 build\flappy.o
 .bss.g_vape_finished
                0x20000164        0x1 build\flappy.o
 .bss.g_vape_started
                0x20000165        0x1 build\flappy.o
 .bss.g_vape_ticks
                0x20000166        0x2 build\flappy.o
 *(COMMON)
                0x20000168                        . = ALIGN (0x4)
                0x20000168                        _ebss = .

.stack          0x20000168      0x800 load address 0x08002744
                0x20000168                        . = ALIGN (0x8)
 *(.stack)
 .stack         0x20000168      0x800 build\startup.o

/DISCARD/
 libc.a(*)
 libm.a(*)
 libgcc.a(*)
OUTPUT(build\flappy.elf elf32-littlearm)
LOAD linker stubs
LOAD C:/Program Files (x86)/Arm GNU Toolchain arm-none-eabi/14.2 rel1/bin/../lib/gcc/arm-none-eabi/14.2.1/thumb/v6-m/nofp\libc.a
LOAD C:/Program Files (x86)/Arm GNU Toolchain arm-none-eabi/14.2 rel1/bin/../lib/gcc/arm-none-eabi/14.2.1/thumb/v6-m/nofp\libm.a
LOAD C:/Program Files (x86)/Arm GNU Toolchain arm-none-eabi/14.2 rel1/bin/../lib/gcc/arm-none-eabi/14.2.1/thumb/v6-m/nofp\libgcc.a

.ARM.attributes
                0x00000000       0x2d
 .ARM.attributes
                0x00000000       0x21 build\startup.o
 .ARM.attributes
                0x00000021       0x2c build\system.o
 .ARM.attributes
                0x0000004d       0x2c build\display.o
 .ARM.attributes
                0x00000079       0x2c build\vape.o
 .ARM.attributes
                0x000000a5       0x2c build\button.o
 .ARM.attributes
                0x000000d1       0x2c build\battery.o
 .ARM.attributes
                0x000000fd       0x2c build\nv.o
 .ARM.attributes
                0x00000129       0x2c build\app.o
 .ARM.attributes
                0x00000155       0x2c build\flappy.o

.comment        0x00000000       0x45
 .comment       0x00000000       0x45 build\system.o
                                 0x46 (size before relaxing)
 .comment       0x00000045       0x46 build\display.o
 .comment       0x00000045       0x46 build\vape.o
 .comment       0x00000045       0x46 build\button.o
 .comment       0x00000045       0x46 build\battery.o
 .comment       0x00000045       0x46 build\nv.o
 .comment       0x00000045       0x46 build\app.o
 .comment       0x00000045       0x46 build\flappy.o
